
> temp-app@0.1.0 build
> next build

   Ôû▓ Next.js 16.0.3 (Turbopack)
   - Environments: .env.local

   Creating an optimized production build ...
node.exe : 
At line:1 char:1
+ & "C:\Program Files\nodejs/node.exe" 
"C:\Program Files\nodejs/node_mo ...
+ ~~~~~~~~~~~~~~~~~~~~~~~~~~~~~~~~~~~~~~~~~~~
~~~~~~~~~~~~~~~~~~~~~~~~~~
    + CategoryInfo          : NotSpecified:  
   (:String) [], RemoteException
    + FullyQualifiedErrorId : NativeCommandE 
   rror
 
> Build error occurred
Error: Turbopack build failed with 1 errors:
./src/lib/db.ts:3:1
Module not found: Can't resolve './schema'
[0m [90m 1 |[39m [36mimport[39m { 
drizzle } [36mfrom[39m [32m"drizzle-orm/po
stgres-js"[39m[33m;[39m
 [90m 2 |[39m [36mimport[39m postgres 
[36mfrom[39m 
[32m"postgres"[39m[33m;[39m
[31m[1m>[22m[39m[90m 3 |[39m 
[36mimport[39m [33m*[39m [36mas[39m 
schema [36mfrom[39m 
[32m"./schema"[39m[33m;[39m
 [90m   |[39m [31m[1m^[22m[39m[31m[1m
^[22m[39m[31m[1m^[22m[39m[31m[1m^[22
m[39m[31m[1m^[22m[39m[31m[1m^[22m[39
m[31m[1m^[22m[39m[31m[1m^[22m[39m[31
m[1m^[22m[39m[31m[1m^[22m[39m[31m[1m
^[22m[39m[31m[1m^[22m[39m[31m[1m^[22
m[39m[31m[1m^[22m[39m[31m[1m^[22m[39
m[31m[1m^[22m[39m[31m[1m^[22m[39m[31
m[1m^[22m[39m[31m[1m^[22m[39m[31m[1m
^[22m[39m[31m[1m^[22m[39m[31m[1m^[22
m[39m[31m[1m^[22m[39m[31m[1m^[22m[39
m[31m[1m^[22m[39m[31m[1m^[22m[39m[31
m[1m^[22m[39m[31m[1m^[22m[39m[31m[1m
^[22m[39m[31m[1m^[22m[39m[31m[1m^[22
m[39m[31m[1m^[22m[39m[31m[1m^[22m[39
m[31m[1m^[22m[39m[31m[1m^[22m[39m
 [90m 4 |[39m
 [90m 5 |[39m [36mconst[39m 
connectionString [33m=[39m process[33m.[3
9menv[33m.[39m[33mDATABASE_URL[39m 
[33m||[39m [32m""[39m[33m;[39m
 [90m 6 |[39m[0m



Import trace:
  Server Component:
    ./src/lib/db.ts
    ./src/app/actions.ts

https://nextjs.org/docs/messages/module-not-f
ound


    at <unknown> (./src/lib/db.ts:3:1)
    at <unknown> (https://nextjs.org/docs/mes
sages/module-not-found)
